// Jest Snapshot v1, https://goo.gl/fbAQLP

exports[`<CreateTodoForm /> when rendering should render a component matching the snapshot 1`] = `
<form
  onSubmit={[Function]}
>
  <TextField
    className={
      Object {
        "width": "100%",
      }
    }
    key="name"
    label="Name"
    name="name"
    onChange={[Function]}
    required={true}
    select={false}
  />
</form>
`;
