// Jest Snapshot v1, https://goo.gl/fbAQLP

exports[`<Loading /> Component when rendering should render a component matching the snapshot 1`] = `
<LoadingIndicator
  classes={
    Object {
      "loadingWrapper": "LoadingIndicator-loadingWrapper-2",
      "progress": "LoadingIndicator-progress-1",
    }
  }
/>
`;
